// Jest Snapshot v1, https://goo.gl/fbAQLP

exports[`should render notFoundPage 1`] = `
<div>
  404! - 
  <Link
    to="/"
  >
    go home
  </Link>
</div>
`;
